bun test v1.4.2 (744846f84)

findings/024-single-typed-array-encoding/repro.test.ts:
Conformance target: {"target":"head","upstream":{"ref":"next","revision":"53ef0e69ea78bd6c7d88d5b82db2a13b8b85d712","directory":"/Users/dio/Projects/solid-conformance/.upstream/53ef0e69ea78bd6c7d88d5b82db2a13b8b85d712"},"buildMode":"development","solid":"2.0.0-rc.13"}
30 |     await page.goto(String(server.url));
31 |     await page.waitForFunction(() => (window as any).done);
32 |     const result = await page.evaluate(() => (window as any).done);
33 |     expect(result.nested).toContain("enableRichArguments");
34 |     expect(Array.from(result.single.value)).toEqual([65]);
35 |     expect(result.single).toEqual({error:expect.stringContaining("enableRichArguments")});
                               ^
error: expect(received).toEqual(expected)

  {
-   "error": StringContaining "enableRichArguments",
+   "value": Uint8Array [
+     65,
+   ],
  }

- Expected  - 1
+ Received  + 3

      at <anonymous> (/Users/dio/Projects/solid-conformance-wave3-frames/findings/024-single-typed-array-encoding/repro.test.ts:35:27)
(fail) RFC10 typed arrays require enableRichArguments even as the sole argument [10451.24ms]

 0 pass
 1 fail
 3 expect() calls
Ran 1 test across 1 file. [10.66s]
