bun add v1.4.2 (744846f84)

installed solid-js@2.0.0-rc.13
installed @solidjs/web@2.0.0-rc.13
installed @solidjs/signals@2.0.0-rc.13
installed @solidjs/compiler@2.0.0-rc.13
installed @solidjs/diagnostics@2.0.0-rc.13

16 packages installed [940.00ms]
bun add v1.4.2 (744846f84)

installed playwright@1.64.0 with binaries:
 - playwright

2 packages installed [3.43s]
Target: rc13; build: development; isolated host: /var/folders/hc/8h0qs5r95zn74xtmkl9b1ll80000gn/T/solid-repro-8Vb6PF
bun test v1.4.2 (744846f84)
bun test v1.4.2 (744846f84)
Resolving dependencies
Resolved, downloaded and extracted [1]
Saved lockfile
Resolving dependencies
Resolved, downloaded and extracted [5]
Saved lockfile

 1 pass
 0 fail
 1 expect() calls
Ran 1 test across 1 file. [9.27s]

 1 pass
 0 fail
 2 expect() calls
Ran 1 test across 1 file. [10.49s]
