bun add v1.4.2 (744846f84)

installed solid-js@2.0.0-rc.13
installed @solidjs/web@2.0.0-rc.13
installed @solidjs/signals@2.0.0-rc.13
installed @solidjs/compiler@2.0.0-rc.13
installed @solidjs/diagnostics@2.0.0-rc.13

16 packages installed [12.00ms]
bun add v1.4.2 (744846f84)

installed playwright@1.64.0 with binaries:
 - playwright

2 packages installed [15.00ms]
Target: rc13; build: development; isolated host: /var/folders/hc/8h0qs5r95zn74xtmkl9b1ll80000gn/T/solid-repro-UqkU4s
bun test v1.4.2 (744846f84)
{
  normal: {
    initial: "11",
    waiting: "11",
    final: "22",
    source: 2,
  },
  latest: {
    initial: "11",
    waiting: "A1",
    final: "22",
    source: 2,
  },
}
bun test v1.4.2 (744846f84)
Resolving dependencies
Resolved, downloaded and extracted [0]
Saved lockfile
Saved lockfile

repro.test.ts:

 1 pass
 0 fail
 5 expect() calls
Ran 1 test across 1 file. [12.78s]

 1 pass
 0 fail
 2 expect() calls
Ran 1 test across 1 file. [11.46s]
