bun add v1.4.2 (744846f84)

installed solid-js@2.0.0-rc.13
installed @solidjs/web@2.0.0-rc.13
installed @solidjs/signals@2.0.0-rc.13
installed @solidjs/compiler@2.0.0-rc.13
installed @solidjs/diagnostics@2.0.0-rc.13

16 packages installed [12.00ms]
bun add v1.4.2 (744846f84)

installed playwright@1.64.0 with binaries:
 - playwright

2 packages installed [11.00ms]
Linked the five matching HEAD packages from /Users/dio/workspace/projects/solid-conformance/.upstream/3086f1b77cd7b0431d3a7f768c2984c335758633
Target: next; build: development; isolated host: /var/folders/hc/8h0qs5r95zn74xtmkl9b1ll80000gn/T/solid-repro-NlLC7t
bun test v1.4.2 (744846f84)
bun test v1.4.2 (744846f84)
Resolving dependencies
Resolved, downloaded and extracted [0]
Saved lockfile
Saved lockfile

repro.test.ts:
30 |       },
31 |     ],
32 |   });
33 |   expect(result.success).toBe(true);
34 |   const runtime = await import(outdir + "/module.js");
35 |   expect(await runtime.run()).toBe(2);
                                   ^
error: expect(received).toBe(expected)

Expected: 2
Received: 99

      at <anonymous> (/private/var/folders/hc/8h0qs5r95zn74xtmkl9b1ll80000gn/T/solid-repro-NlLC7t/repro.test.ts:35:31)
(fail) 06-actions-optimistic.md: refresh delivers source truth, never the caller optimistic override [18.41ms]

 0 pass
 1 fail
 2 expect() calls
Ran 1 test across 1 file. [43.00ms]

snippet.test.ts:
25 |     page.on("pageerror", (error) => errors.push(String(error)));
26 |     await page.goto(server.url.toString());
27 |     await page.locator("#trigger").click();
28 |     await page.waitForTimeout(250);
29 |     expect(errors).toEqual([]);
30 |     expect(await page.locator("#answer").textContent()).toBe("2");
                                                             ^
error: expect(received).toBe(expected)

Expected: "2"
Received: "99"

      at <anonymous> (/private/var/folders/hc/8h0qs5r95zn74xtmkl9b1ll80000gn/T/solid-repro-NlLC7t/snippet.test.ts:30:57)
(fail) Readable App reproduces 09-refresh-optimistic-authority [11189.04ms]

 0 pass
 1 fail
 2 expect() calls
Ran 1 test across 1 file. [11.37s]
