bun add v1.4.2 (744846f84)

installed solid-js@2.0.0-rc.13
installed @solidjs/web@2.0.0-rc.13
installed @solidjs/signals@2.0.0-rc.13
installed @solidjs/compiler@2.0.0-rc.13
installed @solidjs/diagnostics@2.0.0-rc.13

16 packages installed [13.00ms]
bun add v1.4.2 (744846f84)

installed playwright@1.64.0 with binaries:
 - playwright

2 packages installed [10.00ms]
Linked the five matching HEAD packages from /Users/dio/workspace/projects/solid-conformance/.upstream/3086f1b77cd7b0431d3a7f768c2984c335758633
Target: next; build: development; isolated host: /var/folders/hc/8h0qs5r95zn74xtmkl9b1ll80000gn/T/solid-repro-HOJfAg
bun test v1.4.2 (744846f84)
bun test v1.4.2 (744846f84)
Resolving dependencies
Resolved, downloaded and extracted [0]
Saved lockfile
Saved lockfile

repro.test.ts:
32 |     ],
33 |   });
34 |   expect(built.success).toBe(true);
35 |   const r = await import(resolve(".build/finding053/module.js"));
36 |   expect(await r.run()).toEqual({ beforeEcho: false, confirmed: true, error: undefined });
37 |   expect(await r.run(false)).toEqual({ beforeEcho: false, confirmed: true, error: undefined });
                                  ^
error: expect(received).toEqual(expected)

@@ -2,4 +2,4 @@
    "beforeEcho": false,
-   "confirmed": true,
-   "error": undefined,
+   "confirmed": false,
+   "error": "TimeoutError: Timed out waiting for condition",
  }

- Expected  - 2
+ Received  + 2

      at <anonymous> (/private/var/folders/hc/8h0qs5r95zn74xtmkl9b1ll80000gn/T/solid-repro-HOJfAg/repro.test.ts:37:30)
(fail) 06-actions-optimistic.md C166: await fire-and-forget send then until waits for the authoritative live echo [132.71ms]

 0 pass
 1 fail
 3 expect() calls
Ran 1 test across 1 file. [158.00ms]

snippet.test.ts:
25 |     page.on("pageerror", (error) => errors.push(String(error)));
26 |     await page.goto(server.url.toString());
27 |     await page.locator("#trigger").click();
28 |     await page.waitForTimeout(250);
29 |     expect(errors).toEqual([]);
30 |     expect(await page.locator("#answer").textContent()).toBe("confirmed");
                                                             ^
error: expect(received).toBe(expected)

Expected: "confirmed"
Received: "TimeoutError: Timed out waiting for condition"

      at <anonymous> (/private/var/folders/hc/8h0qs5r95zn74xtmkl9b1ll80000gn/T/solid-repro-HOJfAg/snippet.test.ts:30:57)
(fail) Readable App reproduces 12-async-action-live-ack [11204.88ms]

 0 pass
 1 fail
 2 expect() calls
Ran 1 test across 1 file. [11.38s]
