bun add v1.4.2 (744846f84)

installed solid-js@2.0.0-rc.13
installed @solidjs/web@2.0.0-rc.13
installed @solidjs/signals@2.0.0-rc.13
installed @solidjs/compiler@2.0.0-rc.13
installed @solidjs/diagnostics@2.0.0-rc.13

16 packages installed [11.00ms]
bun add v1.4.2 (744846f84)

installed playwright@1.64.0 with binaries:
 - playwright

2 packages installed [11.00ms]
Target: rc13; build: development; isolated host: /var/folders/hc/8h0qs5r95zn74xtmkl9b1ll80000gn/T/solid-repro-ddGJaI
bun test v1.4.2 (744846f84)
{
  ssr: "<div _hk=1><button _hk=0>click</button></div>",
  samples: [
    {
      count: 1,
      nested: true,
      text: "click",
      issues: [],
    }, {
      count: 1,
      nested: true,
      text: "click",
      issues: [ "Hydration tag mismatch for key \"0\": expected <div> but found JSHandle@node",
        "Hydration tag mismatch for key \"1\": expected <button> but found JSHandle@node"
      ],
    }
  ],
}
Resolving dependencies
Resolved, downloaded and extracted [0]
Saved lockfile
Saved lockfile

repro.test.ts:
43 |       await page.evaluate(() => (window as any).stop());
44 |       await page.close();
45 |     }
46 |     console.log({ ssr: runtime.markup(), samples });
47 |     expect(samples[0]).toEqual({ count: 1, nested: true, text: "click", issues: [] });
48 |     expect(samples[1]).toEqual(samples[0]);
                            ^
error: expect(received).toEqual(expected)

@@ -2,3 +2,6 @@
    "count": 1,
-   "issues": [],
+   "issues": [
+     "Hydration tag mismatch for key "0": expected <div> but found JSHandle@node",
+     "Hydration tag mismatch for key "1": expected <button> but found JSHandle@node",
+   ],
    "nested": true,

- Expected  - 1
+ Received  + 4

      at <anonymous> (/private/var/folders/hc/8h0qs5r95zn74xtmkl9b1ll80000gn/T/solid-repro-ddGJaI/repro.test.ts:48:24)
(fail) literal spread children keeps nesting and handler through SSR hydration [11256.18ms]

 0 pass
 1 fail
 2 expect() calls
Ran 1 test across 1 file. [11.73s]
