bun test v1.4.2 (744846f84)

findings/036-conditional-cache-format/repro.test.ts:
Conformance target: {"target":"rc13","upstream":null,"buildMode":"development","solid":"2.0.0-rc.13"}
Server function "conditional" answered a scripted call with 304 Not Modified. The client transport sends no conditional headers, so nothing was asked to be revalidated: the call resolves to undefined, not "unchanged". For conditional reads, declare the function GET and set ETag/Cache-Control response headers - the browser owns that exchange and replays its cached answer on a 304.
10 |  const module=await import(dir+"/server.js");const server=Bun.serve({hostname:"127.0.0.1",port:0,fetch(req){const url=new URL(req.url);return url.pathname.startsWith("/_server")?module.handle(req):url.pathname.endsWith(".js")?new Response(Bun.file(dir+url.pathname),{headers:{"content-type":"text/javascript"}}):new Response('<script type="module" src="/client.js"></script>',{headers:{"content-type":"text/html"}})}});
11 |  const browser=await chromium.launch({channel:"chrome",headless:true});
12 |  try{const page=await browser.newPage();const errors:string[]=[];page.on("pageerror",e=>errors.push(String(e)));await page.goto(String(server.url));await page.waitForFunction(()=>!!(window as any).conditional);const result=await page.evaluate(()=> (window as any).conditional);
13 |  await Bun.write("artifacts/conditional-"+mode+".json",JSON.stringify({calls:module.calls,result},null,2));
14 |  expect(module.calls).toEqual([null,'"constant"']);expect(result.statuses).toEqual([200,200]);expect(result.first).toEqual({value:17});expect(result.hints.every((h:any)=>!h["if-none-match"])).toBe(true);expect(errors).toEqual([]);
15 |  expect(result.second).toEqual({value:17});
                            ^
error: expect(received).toEqual(expected)

- {
-   "value": 17,
- }
+ undefined

- Expected  - 3
+ Received  + 1

      at <anonymous> (/Users/dio/Projects/solid-conformance/.scratch/wave3-rc13/findings/036-conditional-cache-format/repro.test.ts:15:24)
(fail) RFC10 browser owns conditional GET exchange development [7941.62ms]

findings/038-frame-call-state-doc-reset/repro.test.ts:
 6 | test("RFC11 state inside a boundary resets for new call arguments",async()=>{
 7 |  const dir=resolve(".build","finding038-"+process.pid);
 8 |  await build(dir,(process.env.BUILD_MODE??"development") as BuildMode,{client:["findings/038-frame-call-state-doc-reset/client.tsx"],server:["findings/038-frame-call-state-doc-reset/server.tsx"],serverComponents:true});
 9 |  const ssr=await import(dir+"/server.js");const server=Bun.serve({hostname:"127.0.0.1",port:0,fetch(request){const url=new URL(request.url);return url.pathname.startsWith("/_server")?ssr.handle(request):url.pathname.endsWith(".js")?new Response(Bun.file(dir+url.pathname),{headers:{"content-type":"text/javascript"}}):new Response('<div id="root"></div><script type="module" src="/client.js"></script>',{headers:{"content-type":"text/html"}})}});
10 |  const browser=await chromium.launch({channel:"chrome",headless:true});
11 |  try{const page=await browser.newPage();await page.goto(String(server.url));await page.waitForFunction(()=>document.querySelector("h1")?.textContent==="1");expect(await page.locator("[data-inside]").textContent()).toBe("0");await page.locator("[data-inside]").click();await page.locator("[data-outside]").click();expect(await page.locator("[data-inside]").textContent()).toBe("1");await page.evaluate(()=>(window as any).change());await page.waitForFunction(()=>document.querySelector("h1")?.textContent==="2");expect(await page.locator("[data-outside]").textContent()).toBe("1");expect(await page.locator("[data-inside]").textContent()).toBe("0");
                                                                                                                                                                                                                                                                                                                                                                                                                                                                                                                                                                                                                                                                   ^
error: expect(received).toBe(expected)

Expected: "0"
Received: "1"

      at <anonymous> (/Users/dio/Projects/solid-conformance/.scratch/wave3-rc13/findings/038-frame-call-state-doc-reset/repro.test.ts:11:639)
(fail) RFC11 state inside a boundary resets for new call arguments [7847.31ms]

 0 pass
 2 fail
 10 expect() calls
Ran 2 tests across 2 files. [15.96s]
