bun test v1.4.2 (744846f84)

findings/034-mixed-insert-object/repro.test.ts:
Conformance target: {"target":"rc13","upstream":null,"buildMode":"production","solid":"2.0.0-rc.13"}
2 | import {chromium} from 'playwright'
3 | import {resolve} from 'node:path'
4 | import {rm} from 'node:fs/promises'
5 | import {build} from '../../scripts/build'
6 | // 08-dev-diagnostics.md L692: plain objects at insert positions are skipped.
7 | test('unrenderable object is skipped when adjacent to text, as in a sole hole',async()=>{const dir=resolve('.build','mixed-object-'+process.pid);await build(dir,(process.env.BUILD_MODE??'development') as any,{client:['findings/034-mixed-insert-object/client.tsx'],server:[]});const server=Bun.serve({port:0,fetch:r=>new URL(r.url).pathname==='/client.js'?new Response(Bun.file(dir+'/client.js'),{headers:{'content-type':'text/javascript'}}):new Response('<script type="module" src="/client.js"></script>',{headers:{'content-type':'text/html'}})});const browser=await chromium.launch({channel:'chrome',headless:true});try{const page=await browser.newPage();await page.goto(server.url.toString());await page.waitForFunction(()=>!!(window as any).result);const result=await page.evaluate(()=>(window as any).result);expect(result.sole).toEqual({error:null,text:''});expect(result.mixed).toEqual({error:null,text:'valid'})}finally{await browser.close();server.stop(true);await rm(dir,{recursive:true,force:true})}},30000)
                                                                                                                                                                                                                                                                                                                                                                                                                                                                                                                                                                                                                                                                                                                                                                                                                                                                                                                        ^
error: expect(received).toEqual(expected)

  {
-   "error": null,
-   "text": "valid",
+   "error": "TypeError: Failed to execute 'insertBefore' on 'Node': parameter 1 is not of type 'Node'.",
+   "text": "",
  }

- Expected  - 2
+ Received  + 2

      at <anonymous> (/Users/dio/Projects/solid-conformance/.scratch/wave3-rc13/findings/034-mixed-insert-object/repro.test.ts:7:885)
(fail) unrenderable object is skipped when adjacent to text, as in a sole hole [8495.78ms]

findings/035-decoder-iterator-body-death/repro.test.ts:
 6 |  const dir=resolve(".build","finding035-"+process.pid);
 7 |  try{
 8 |   await build(dir,(process.env.BUILD_MODE??"development") as BuildMode,{client:[],server:["findings/035-decoder-iterator-body-death/server.ts"]});
 9 |   const module=await import(dir+"/server.js"),result=await module.run();
10 |   expect(result.first).toEqual({done:false,value:"first"});expect(result.transportFailed).toBe(true);
11 |   expect(result.outcome.outcome).toBe("rejected");
                                      ^
error: expect(received).toBe(expected)

Expected: "rejected"
Received: "pending"

      at <anonymous> (/Users/dio/Projects/solid-conformance/.scratch/wave3-rc13/findings/035-decoder-iterator-body-death/repro.test.ts:11:34)
(fail) RFC10 dying body rejects an open iterator pull [320.55ms]

findings/035-decoder-iterator-body-death/eof.test.ts:
 6 |  const dir=resolve(".build","finding035-eof-"+process.pid);
 7 |  try{
 8 |   await build(dir,(process.env.BUILD_MODE??"development") as BuildMode,{client:[],server:["findings/035-decoder-iterator-body-death/server.ts"]});
 9 |   const module=await import(dir+"/server.js"),result=await module.run("eof");
10 |   expect(result.first).toEqual({done:false,value:"first"});expect(result.transportFailed).toBe(true);
11 |   expect(result.outcome.outcome).toBe("rejected");
                                      ^
error: expect(received).toBe(expected)

Expected: "rejected"
Received: "pending"

      at <anonymous> (/Users/dio/Projects/solid-conformance/.scratch/wave3-rc13/findings/035-decoder-iterator-body-death/eof.test.ts:11:34)
(fail) RFC10 EOF body rejects an open iterator pull [316.48ms]

findings/036-conditional-cache-format/repro.test.ts:
10 |  const module=await import(dir+"/server.js");const server=Bun.serve({hostname:"127.0.0.1",port:0,fetch(req){const url=new URL(req.url);return url.pathname.startsWith("/_server")?module.handle(req):url.pathname.endsWith(".js")?new Response(Bun.file(dir+url.pathname),{headers:{"content-type":"text/javascript"}}):new Response('<script type="module" src="/client.js"></script>',{headers:{"content-type":"text/html"}})}});
11 |  const browser=await chromium.launch({channel:"chrome",headless:true});
12 |  try{const page=await browser.newPage();const errors:string[]=[];page.on("pageerror",e=>errors.push(String(e)));await page.goto(String(server.url));await page.waitForFunction(()=>!!(window as any).conditional);const result=await page.evaluate(()=> (window as any).conditional);
13 |  await Bun.write("artifacts/conditional-"+mode+".json",JSON.stringify({calls:module.calls,result},null,2));
14 |  expect(module.calls).toEqual([null,'"constant"']);expect(result.statuses).toEqual([200,200]);expect(result.first).toEqual({value:17});expect(result.hints.every((h:any)=>!h["if-none-match"])).toBe(true);expect(errors).toEqual([]);
15 |  expect(result.second).toEqual({value:17});
                            ^
error: expect(received).toEqual(expected)

- {
-   "value": 17,
- }
+ undefined

- Expected  - 3
+ Received  + 1

      at <anonymous> (/Users/dio/Projects/solid-conformance/.scratch/wave3-rc13/findings/036-conditional-cache-format/repro.test.ts:15:24)
(fail) RFC10 browser owns conditional GET exchange production [8365.06ms]

findings/038-frame-call-state-doc-reset/repro.test.ts:
 6 | test("RFC11 state inside a boundary resets for new call arguments",async()=>{
 7 |  const dir=resolve(".build","finding038-"+process.pid);
 8 |  await build(dir,(process.env.BUILD_MODE??"development") as BuildMode,{client:["findings/038-frame-call-state-doc-reset/client.tsx"],server:["findings/038-frame-call-state-doc-reset/server.tsx"],serverComponents:true});
 9 |  const ssr=await import(dir+"/server.js");const server=Bun.serve({hostname:"127.0.0.1",port:0,fetch(request){const url=new URL(request.url);return url.pathname.startsWith("/_server")?ssr.handle(request):url.pathname.endsWith(".js")?new Response(Bun.file(dir+url.pathname),{headers:{"content-type":"text/javascript"}}):new Response('<div id="root"></div><script type="module" src="/client.js"></script>',{headers:{"content-type":"text/html"}})}});
10 |  const browser=await chromium.launch({channel:"chrome",headless:true});
11 |  try{const page=await browser.newPage();await page.goto(String(server.url));await page.waitForFunction(()=>document.querySelector("h1")?.textContent==="1");expect(await page.locator("[data-inside]").textContent()).toBe("0");await page.locator("[data-inside]").click();await page.locator("[data-outside]").click();expect(await page.locator("[data-inside]").textContent()).toBe("1");await page.evaluate(()=>(window as any).change());await page.waitForFunction(()=>document.querySelector("h1")?.textContent==="2");expect(await page.locator("[data-outside]").textContent()).toBe("1");expect(await page.locator("[data-inside]").textContent()).toBe("0");
                                                                                                                                                                                                                                                                                                                                                                                                                                                                                                                                                                                                                                                                   ^
error: expect(received).toBe(expected)

Expected: "0"
Received: "1"

      at <anonymous> (/Users/dio/Projects/solid-conformance/.scratch/wave3-rc13/findings/038-frame-call-state-doc-reset/repro.test.ts:11:639)
(fail) RFC11 state inside a boundary resets for new call arguments [8014.27ms]

findings/041-dynamic-source-tracking/repro.test.ts:
2580 |   init_error();
2581 |   init_graph();
2582 |   init_heap();
2583 |   init_lanes();
2584 |   init_owner();
2585 |   GlobalQueue.Ke = (e) => {
                    ^
TypeError: undefined is not an object (evaluating 'GlobalQueue.Ke = (e) => {
    if (e.je === EFFECT_TRACKED) {
      deleteFromHeap(e, queueFor(e));
      e.Xe = true;
      e.T.enqueue(EFFECT_USER, e.$e);
    } else
      recompute(e);
  }')
      at <anonymous> (/Users/dio/Projects/solid-conformance/.scratch/wave3-rc13/.build/browser-99847-0/server.js:2585:14)
      at <anonymous> (/Users/dio/Projects/solid-conformance/.scratch/wave3-rc13/.build/browser-99847-0/server.js:19:15)
      at <anonymous> (/Users/dio/Projects/solid-conformance/.scratch/wave3-rc13/.build/browser-99847-0/server.js:687:12)
      at <anonymous> (/Users/dio/Projects/solid-conformance/.scratch/wave3-rc13/.build/browser-99847-0/server.js:19:15)
      at <anonymous> (/Users/dio/Projects/solid-conformance/.scratch/wave3-rc13/.build/browser-99847-0/server.js:3872:17)
      at <anonymous> (/Users/dio/Projects/solid-conformance/.scratch/wave3-rc13/.build/browser-99847-0/server.js:19:15)
      at <anonymous> (/Users/dio/Projects/solid-conformance/.scratch/wave3-rc13/.build/browser-99847-0/server.js:6624:12)
      at <anonymous> (/Users/dio/Projects/solid-conformance/.scratch/wave3-rc13/.build/browser-99847-0/server.js:19:15)
      at <anonymous> (/Users/dio/Projects/solid-conformance/.scratch/wave3-rc13/.build/browser-99847-0/server.js:14559:14)
      at <anonymous> (/Users/dio/Projects/solid-conformance/.scratch/wave3-rc13/.build/browser-99847-0/server.js:19:15)
(fail) 03-control-flow.md L202: adopted async dynamic source is not re-run on hydration [44.52ms]

findings/044-literal-spread-hydration/repro.test.ts:
{
  ssr: "<div _hk=1><button _hk=0>click</button></div>",
  samples: [
    {
      count: 1,
      nested: true,
      text: "click",
      issues: [],
    }, {
      count: 1,
      nested: true,
      text: "click",
      issues: [],
    }
  ],
}

 2 pass
 6 fail
 25 expect() calls
Ran 8 tests across 8 files. [32.69s]
