bun test v1.4.2 (744846f84)

findings/046-held-derived-store-seed/repro.test.ts:
Conformance target: {"target":"rc13","upstream":null,"buildMode":"production","solid":"2.0.0-rc.13"}
 9 |  const result=await Bun.build({entrypoints:[resolve('findings/046-held-derived-store-seed/module.ts')],outdir,target:'bun',plugins:[{name:'actual-browser-development',setup(builder){builder.onResolve({filter:/^(solid-js|@solidjs\/signals)$/},args=>{const pkg=packages.get(args.path)!;const entry=pkg.exports['.'];const browser=entry.browser??entry;const dev=browser[process.env.BUILD_MODE??'development']??browser.default;return{path:resolve(pkg.path,typeof dev==='string'?dev:dev.import??dev.default)}})}}]})
10 |  expect(result.success).toBe(true)
11 |  const runtime=await import(outdir+'/module.js')
12 |  expect(await runtime.run(true,false)).toEqual({value:103,previous:3})
13 |  expect(await runtime.run(false,true)).toEqual({value:103,previous:1})
14 |  expect(await runtime.run(true,true)).toEqual({value:103,previous:1})
                                           ^
error: expect(received).toEqual(expected)

@@ -1,3 +1,3 @@
  {
-   "previous": 1,
+   "previous": 3,
    "value": 103,

- Expected  - 1
+ Received  + 1

      at <anonymous> (/Users/dio/Projects/solid-conformance/.scratch/wave3-rc13/findings/046-held-derived-store-seed/repro.test.ts:14:39)
(fail) 02-signals-derived-ownership.md: holding a derivation changes reveal time, not its result [12.96ms]

 0 pass
 1 fail
 4 expect() calls
Ran 1 test across 1 file. [18.00ms]
