bun test v1.4.2 (744846f84)

tracks/docs/docs.test.ts:
Conformance target: {"target":"head","upstream":{"ref":"next","revision":"53ef0e69ea78bd6c7d88d5b82db2a13b8b85d712","directory":"/Users/dio/Projects/solid-conformance-wave2/.upstream/53ef0e69ea78bd6c7d88d5b82db2a13b8b85d712"},"buildMode":"production","solid":"2.0.0-rc.13"}
Doc cases: 163 [
  {
    "id": "04/keyed-reconcile",
    "file": "04-stores.md",
    "statement": "reconcile preserves identity for unchanged entries.",
    "error": "Error: Expected true, received false",
    "platform": "client"
  },
  {
    "id": "04/store-path",
    "file": "04-stores.md",
    "statement": "storePath supports indices, filters, ranges and a delete sentinel.",
    "error": "TypeError: storePath2 is not a function",
    "platform": "client"
  },
  {
    "id": "05/refresh-delivery",
    "file": "05-async-data.md",
    "statement": "Accessor targets resolve with the settled value.",
    "error": "Error: Statement did not settle within 1500ms",
    "platform": "client"
  },
  {
    "id": "05/refresh-quiet",
    "file": "05-async-data.md",
    "statement": "A bare refresh is quiet: isPending stays false.",
    "error": "Error: Statement did not settle within 1500ms",
    "platform": "client"
  },
  {
    "id": "05/refresh-quiescence",
    "file": "05-async-data.md",
    "statement": "If a second refresh supersedes this one mid-flight the promise waits for whatever finally lands.",
    "error": "Error: Statement did not settle within 1500ms",
    "platform": "client"
  },
  {
    "id": "05/loading-on-constant",
    "file": "05-async-data.md",
    "statement": "The value returned by on is never compared; only the notification matters.",
    "error": "Error: Expected \"fallback\", received \"1\"",
    "platform": "client"
  }
]

 1 pass
 0 fail
 8 expect() calls
Ran 1 test across 1 file. [17.41s]
