bun test v1.4.2 (744846f84)

findings/032-sync-lazy-resolver/repro.test.ts:
Conformance target: {"target":"head","upstream":{"ref":"next","revision":"53ef0e69ea78bd6c7d88d5b82db2a13b8b85d712","directory":"/Users/dio/Projects/solid-conformance/.upstream/53ef0e69ea78bd6c7d88d5b82db2a13b8b85d712"},"buildMode":"development","solid":"2.0.0-rc.13"}
[LAZY_ASSET_UNMAPPED] lazy() asset resolution failed for "part.tsx": Error: resolver-failed
  in <Part>
[LAZY_ASSET_UNMAPPED] repair guide: node_modules/solid-js/skills/reactivity-diagnostics/SKILL.md — https://github.com/solidjs/solid/blob/main/packages/solid/skills/reactivity-diagnostics/SKILL.md#lazy_asset_unmapped
10 |     client: [], server: ['findings/032-sync-lazy-resolver/server.tsx'],
11 |   })
12 |   try {
13 |     const { sample } = await import(dir + '/server.js')
14 |     expect(await sample(false)).toEqual({ rendered: true, error: null })
15 |     expect(await sample(true)).toEqual({ rendered: true, error: null })
                                    ^
error: expect(received).toEqual(expected)

  {
-   "error": null,
-   "rendered": true,
+   "error": "resolver-failed",
+   "rendered": false,
  }

- Expected  - 2
+ Received  + 2

      at <anonymous> (/Users/dio/Projects/solid-conformance-wave3-router/findings/032-sync-lazy-resolver/repro.test.ts:15:32)
(fail) a failed lazy asset resolver preserves server component HTML [27.63ms]

 0 pass
 1 fail
 2 expect() calls
Ran 1 test across 1 file. [37.00ms]
