bun test v1.4.2 (744846f84)

findings/025-async-fanout-classification/repro.test.ts:
Conformance target: {"target":"head","upstream":{"ref":"next","revision":"53ef0e69ea78bd6c7d88d5b82db2a13b8b85d712","directory":"/Users/dio/Projects/solid-conformance/.upstream/53ef0e69ea78bd6c7d88d5b82db2a13b8b85d712"},"buildMode":"observe","solid":"2.0.0-rc.13"}
{
  value: 1,
  warnings: [ "write" ],
  causes: [ "async" ],
}
18 |     await page.waitForFunction(() => !!(window as any).result)
19 |     const result = await page.evaluate(() => (window as any).result)
20 |     console.log(result)
21 |     expect(result.value).toBe(1)
22 |     if(mode==='production'){expect(result.causes).toEqual([]);expect(result.warnings).toEqual([])}
23 |     else {expect(result.causes).toContain('async');expect(result.warnings).toEqual(['async'])}
                                                                                ^
error: expect(received).toEqual(expected)

  [
-   "async",
+   "write",
  ]

- Expected  - 1
+ Received  + 1

      at <anonymous> (/Users/dio/Projects/solid-conformance-wave3-router/findings/025-async-fanout-classification/repro.test.ts:23:76)
(fail) 08:L419:3 async landing labels HUGE_FAN_OUT data.write as async [8847.80ms]

 0 pass
 1 fail
 3 expect() calls
Ran 1 test across 1 file. [9.02s]
