bun test v1.4.2 (744846f84)

findings/034-mixed-insert-object/repro.test.ts:
Conformance target: {"target":"head","upstream":{"ref":"next","revision":"53ef0e69ea78bd6c7d88d5b82db2a13b8b85d712","directory":"/Users/dio/Projects/solid-conformance/.upstream/53ef0e69ea78bd6c7d88d5b82db2a13b8b85d712"},"buildMode":"production","solid":"2.0.0-rc.13"}
2 | import {chromium} from 'playwright'
3 | import {resolve} from 'node:path'
4 | import {rm} from 'node:fs/promises'
5 | import {build} from '../../scripts/build'
6 | // 08-dev-diagnostics.md L692: plain objects at insert positions are skipped.
7 | test('unrenderable object is skipped when adjacent to text, as in a sole hole',async()=>{const dir=resolve('.build','mixed-object-'+process.pid);await build(dir,(process.env.BUILD_MODE??'development') as any,{client:['findings/034-mixed-insert-object/client.tsx'],server:[]});const server=Bun.serve({port:0,fetch:r=>new URL(r.url).pathname==='/client.js'?new Response(Bun.file(dir+'/client.js'),{headers:{'content-type':'text/javascript'}}):new Response('<script type="module" src="/client.js"></script>',{headers:{'content-type':'text/html'}})});const browser=await chromium.launch({channel:'chrome',headless:true});try{const page=await browser.newPage();await page.goto(server.url.toString());await page.waitForFunction(()=>!!(window as any).result);const result=await page.evaluate(()=>(window as any).result);expect(result.sole).toEqual({error:null,text:''});expect(result.mixed).toEqual({error:null,text:'valid'})}finally{await browser.close();server.stop(true);await rm(dir,{recursive:true,force:true})}},30000)
                                                                                                                                                                                                                                                                                                                                                                                                                                                                                                                                                                                                                                                                                                                                                                                                                                                                                                                        ^
error: expect(received).toEqual(expected)

  {
-   "error": null,
-   "text": "valid",
+   "error": "TypeError: Failed to execute 'insertBefore' on 'Node': parameter 1 is not of type 'Node'.",
+   "text": "",
  }

- Expected  - 2
+ Received  + 2

      at <anonymous> (/Users/dio/Projects/solid-conformance-wave3-router/findings/034-mixed-insert-object/repro.test.ts:7:885)
(fail) unrenderable object is skipped when adjacent to text, as in a sole hole [7040.14ms]

 0 pass
 1 fail
 2 expect() calls
Ran 1 test across 1 file. [7.20s]
