bun test v1.4.2 (744846f84)

findings/044-literal-spread-hydration/repro.test.ts:
Conformance target: {"target":"head","upstream":{"ref":"next","revision":"53ef0e69ea78bd6c7d88d5b82db2a13b8b85d712","directory":"/Users/dio/Projects/solid-conformance/.upstream/53ef0e69ea78bd6c7d88d5b82db2a13b8b85d712"},"buildMode":"production","solid":"2.0.0-rc.13"}
{
  ssr: "<div _hk=1><button _hk=0>click</button></div>",
  samples: [
    {
      count: 1,
      nested: true,
      text: "click",
      issues: [],
    }, {
      count: 1,
      nested: true,
      text: "click",
      issues: [],
    }
  ],
}

 1 pass
 0 fail
 3 expect() calls
Ran 1 test across 1 file. [8.22s]
