bun test v1.4.2 (744846f84)

tracks/router/matching.test.ts:
Conformance target: {"target":"head","upstream":{"ref":"next","revision":"53ef0e69ea78bd6c7d88d5b82db2a13b8b85d712","directory":"/Users/dio/Projects/solid-conformance/.upstream/53ef0e69ea78bd6c7d88d5b82db2a13b8b85d712"},"buildMode":"production","solid":"2.0.0-rc.13"}
{
  routerMatchCases: 1000,
}

tracks/router/router.test.ts:
Router preload csr
Router preload hydrate
Router supersession csr
Router supersession hydrate
Router action-failure csr
Router action-failure hydrate
Router action-success csr
Router action-success hydrate
Router redirect csr
Router redirect hydrate
Router live csr
Router live hydrate
Router query-error csr
Router query-error hydrate
Router form-success csr
Router form-success hydrate
Router server-action csr
Router server-action hydrate

 2 pass
 0 fail
 1282 expect() calls
Ran 2 tests across 2 files. [35.66s]
