bun test v1.4.2 (744846f84)

tracks/docs/docs.test.ts:
Conformance target: {"target":"head","upstream":{"ref":"next","revision":"53ef0e69ea78bd6c7d88d5b82db2a13b8b85d712","directory":"/Users/dio/Projects/solid-conformance-wave2/.upstream/53ef0e69ea78bd6c7d88d5b82db2a13b8b85d712"},"buildMode":"development","solid":"2.0.0-rc.13"}
[SSR_RENDER_ERROR_CONTAINED] Render error caught by <Errored>: Error: private-error
  in <Errored> › <Bad>
[SSR_RENDER_ERROR_CONTAINED] repair guide: node_modules/solid-js/skills/reactivity-diagnostics/SKILL.md — https://github.com/solidjs/solid/blob/main/packages/solid/skills/reactivity-diagnostics/SKILL.md#ssr_render_error_contained
[SSR_STREAM_ABANDONED] The response stream was abandoned mid-render (consumer) with 0 fragment(s) still pending; the render was torn down.
[SSR_STREAM_ABANDONED] repair guide: node_modules/solid-js/skills/reactivity-diagnostics/SKILL.md — https://github.com/solidjs/solid/blob/main/packages/solid/skills/reactivity-diagnostics/SKILL.md#ssr_stream_abandoned
[SSR_STREAM_ABANDONED] The response stream was abandoned mid-render (consumer) with 0 fragment(s) still pending; the render was torn down.
[SSR_STREAM_ABANDONED] The response stream was abandoned mid-render (signal) with 0 fragment(s) still pending; the render was torn down.
Doc cases: 167 [
  {
    "id": "04/keyed-reconcile",
    "file": "04-stores.md",
    "statement": "reconcile preserves identity for unchanged entries.",
    "error": "Error: Expected true, received false",
    "platform": "client"
  },
  {
    "id": "04/store-path",
    "file": "04-stores.md",
    "statement": "storePath supports indices, filters, ranges and a delete sentinel.",
    "error": "TypeError: storePath2 is not a function",
    "platform": "client"
  },
  {
    "id": "05/loading-on-constant",
    "file": "05-async-data.md",
    "statement": "The value returned by on is never compared; only the notification matters.",
    "error": "Error: Expected \"fallback\", received \"1\"",
    "platform": "client"
  }
]

tracks/properties/properties.test.ts:
Runtime ready: {"resolvedSolid":"/Users/dio/Projects/solid-conformance-wave2/.upstream/53ef0e69ea78bd6c7d88d5b82db2a13b8b85d712/packages/solid","upstream":{"ref":"next","revision":"53ef0e69ea78bd6c7d88d5b82db2a13b8b85d712","directory":"/Users/dio/Projects/solid-conformance-wave2/.upstream/53ef0e69ea78bd6c7d88d5b82db2a13b8b85d712"},"solid":"2.0.0-rc.13","signals":"2.0.0-rc.13","compiler":"2.0.0-rc.13","label":"head","buildMode":"development"}
Generated attempts: 25; browser runs: 168
Generated attempts: 50; browser runs: 349
Generated attempts: 75; browser runs: 536
Generated attempts: 100; browser runs: 715
{"seed":20261007,"generated":100,"browserRuns":722,"kinds":{"group":24,"optimistic-store":18,"for":16,"errored":10,"text":14,"effect":15,"store":23,"keyed-for":12,"lazy":17,"optimistic":14,"action":14,"switch":15,"loading":11,"show":14,"iterable":10,"promise":19},"failed":false}

tracks/regressions/regressions.test.ts:
Asset manifest returned no client assets for module "missing.tsx". If this module is a server-rendered lazy() component, its entry will be missing from the serialized hydration asset map, the client will be unable to preload it, and hydration will fail with 'lazy() module "…" was not preloaded before hydration'. This means the integration's asset resolver (dev manifest bridge or build client manifest) failed to answer for this module — check the integration's server logs, restart the dev server, or verify the module is included in the client build.

 9 pass
 0 fail
 4592 expect() calls
Ran 9 tests across 5 files. [343.26s]
