bun test v1.4.2 (744846f84)

findings/029-latest-loading-convergence/repro.test.ts:
Conformance target: {"target":"head","upstream":{"ref":"next","revision":"53ef0e69ea78bd6c7d88d5b82db2a13b8b85d712","directory":"/Users/dio/Projects/solid-conformance/.upstream/53ef0e69ea78bd6c7d88d5b82db2a13b8b85d712"},"buildMode":"production","solid":"2.0.0-rc.13"}
{
  normal: {
    initial: "11",
    waiting: "11",
    final: "22",
    source: 2,
  },
  latest: {
    initial: "11",
    waiting: "A1",
    final: "A2",
    source: 2,
  },
}
20 |     console.log(result)
21 |     expect(result.normal.final).toBe('22')
22 |     expect(result.latest.initial).toBe('11')
23 |     expect(result.latest.waiting).toBe('A1')
24 |     expect(result.latest.source).toBe(2)
25 |     expect(result.latest.final).toBe('22')
                                     ^
error: expect(received).toBe(expected)

Expected: "22"
Received: "A2"

      at <anonymous> (/Users/dio/Projects/solid-conformance-wave3-router/findings/029-latest-loading-convergence/repro.test.ts:25:33)
(fail) Loading on latest(id) converges after its shared source lands [13022.41ms]

 0 pass
 1 fail
 5 expect() calls
Ran 1 test across 1 file. [13.19s]
