bun test v1.4.2 (744846f84)

findings/048-first-loading-held-signal/repro.test.ts:
Conformance target: {"target":"rc13","upstream":null,"buildMode":"development","solid":"2.0.0-rc.13"}
1 | import {test,expect} from 'bun:test'
2 | import {chromium} from 'playwright'
3 | import {resolve} from 'node:path'
4 | import {build} from '../../scripts/build'
5 | test('05-async-data.md L50: a first Loading falls back when reading a plain write held by another action',async()=>{const dir=resolve('.build/finding048');await build(dir,(process.env.BUILD_MODE??'development')as 'development'|'production',{client:['findings/048-first-loading-held-signal/client.tsx'],server:[]});const server=Bun.serve({hostname:'127.0.0.1',port:0,fetch(request){return new URL(request.url).pathname==='/client.js'?new Response(Bun.file(dir+'/client.js'),{headers:{'content-type':'text/javascript'}}):new Response('<!doctype html><script type="module" src="/client.js"></script>',{headers:{'content-type':'text/html'}})}});const browser=await chromium.launch({channel:'chrome',headless:true});try{const page=await browser.newPage();await page.goto(String(server.url));await page.waitForFunction(()=>typeof(window as any).firstLoadingCheck==='function');expect(await page.evaluate(()=>(window as any).firstLoadingCheck(true))).toEqual({before:'0waiting',after:'11:false',fallbacks:1});expect(await page.eval

error: expect(received).toEqual(expected)

@@ -2,4 +2,4 @@
    "after": "11:false",
-   "before": "0waiting",
-   "fallbacks": 1,
+   "before": "00:true",
+   "fallbacks": 0,
  }

- Expected  - 2
+ Received  + 2

      at <anonymous> (/Users/dio/Projects/solid-conformance/.scratch/wave3-rc13/findings/048-first-loading-held-signal/repro.test.ts:5:1202)
(fail) 05-async-data.md L50: a first Loading falls back when reading a plain write held by another action [10740.41ms]

 0 pass
 1 fail
 3 expect() calls
Ran 1 test across 1 file. [10.91s]
