bun test v1.4.2 (744846f84)

findings/013-pinned-source-retake/repro.test.ts:
Conformance target: {"target":"head","upstream":{"ref":"next","revision":"dafad1db34626feb5f154e98e599f65be1802c6c","directory":"/Users/dio/Projects/solid-conformance/.upstream/dafad1db34626feb5f154e98e599f65be1802c6c"},"buildMode":"development","solid":"2.0.0-rc.13"}
 7 |  for(const name of ['solid-js','@solidjs/signals']){const path=await realpath(resolve('node_modules',name));packages.set(name,{path,exports:(await Bun.file(path+'/package.json').json()).exports})}
 8 |  const outdir=resolve('.build/finding013')
 9 |  const result=await Bun.build({entrypoints:[resolve('findings/013-pinned-source-retake/module.ts')],outdir,target:'bun',plugins:[{name:'actual-browser-development',setup(builder){builder.onResolve({filter:/^(solid-js|@solidjs\/signals)$/},args=>{const pkg=packages.get(args.path)!;const entry=pkg.exports['.'];const browser=entry.browser??entry;const dev=browser[process.env.BUILD_MODE??'development']??browser.default;return{path:resolve(pkg.path,typeof dev==='string'?dev:dev.import??dev.default)}})}}]})
10 |  expect(result.success).toBe(true)
11 |  const runtime=await import(outdir+'/module.js')
12 |  expect(runtime.run()).toEqual({n:3,pinned:false})
                            ^
error: expect(received).toEqual(expected)

@@ -1,3 +1,3 @@
  {
-   "n": 3,
+   "n": 99,
    "pinned": false,

- Expected  - 1
+ Received  + 1

      at <anonymous> (/Users/dio/Projects/solid-conformance/.agents/worktrees/wave4b/findings/013-pinned-source-retake/repro.test.ts:12:24)
(fail) RFC 02 pinned example: clearing the flag and changing the source in the same update returns source truth [15.76ms]

 0 pass
 1 fail
 2 expect() calls
Ran 1 test across 1 file. [22.00ms]
