bun test v1.4.2 (744846f84)

findings/030-effect-error-signature/repro.test.ts:
Conformance target: {"target":"head","upstream":{"ref":"next","revision":"dafad1db34626feb5f154e98e599f65be1802c6c","directory":"/Users/dio/Projects/solid-conformance/.upstream/dafad1db34626feb5f154e98e599f65be1802c6c"},"buildMode":"development","solid":"2.0.0-rc.13"}
 5 |  const directory=resolve('.build/finding030')
 6 |  await Bun.write(directory+'/usage.ts',Bun.file('findings/030-effect-error-signature/usage.ts.txt'))
 7 |  await Bun.write(directory+'/tsconfig.json',JSON.stringify({compilerOptions:{target:'ESNext',module:'Preserve',moduleResolution:'bundler',strict:true,noEmit:true,skipLibCheck:true,lib:['ESNext'],types:[]},files:[directory+'/usage.ts']}))
 8 |  const compiler=Bun.spawn(['bun','x','tsc','--project',directory+'/tsconfig.json'],{stdout:'pipe',stderr:'pipe'})
 9 |  const output=await new Response(compiler.stdout).text()+await new Response(compiler.stderr).text()
10 |  expect({exitCode:await compiler.exited,output}).toEqual({exitCode:0,output:''})
                                                      ^
error: expect(received).toEqual(expected)

  {
-   "exitCode": 0,
-   "output": "",
+   "exitCode": 1,
+   "output": 
+ ".build/finding030/usage.ts(2,33): error TS2559: Type '() => void' has no properties in common with type 'EffectOptions'.
+ "
+ ,
  }

- Expected  - 2
+ Received  + 5

      at <anonymous> (/Users/dio/Projects/solid-conformance/.agents/worktrees/wave4b/findings/030-effect-error-signature/repro.test.ts:10:50)
(fail) 03-control-flow.md: documented createEffect(compute, effect, onError) compiles against public declarations [96.16ms]

 0 pass
 1 fail
 1 expect() calls
Ran 1 test across 1 file. [102.00ms]
